
  Short help                                 
         
  USAGE  
         
    simple [command] [--flags]  
               
  FIRST GROUP  
               
    sub-cmd-2             A sub command
                
  SECOND GROUP  
                
    sub-cmd-3             A sub command
         
  FLAGS  
         
    -h --help             Help for simple
    -v --version          Version for simple

