
  Short help                                 
         
  USAGE  
         
                                
    simple [command] [--flags]  
                                
            
  COMMANDS  
            
    completion [command]  Generate the autocompletion script for the specified shell
    help [command]        Help about any command
    sub-cmd               A sub command
    sub-cmd-2             
    sub-cmd-3             
               
  FIRST GROUP  
               
    completion [command]  Generate the autocompletion script for the specified shell
    help [command]        Help about any command
    sub-cmd               A sub command
    sub-cmd-2             
    sub-cmd-3             
                
  SECOND GROUP  
                
    completion [command]  Generate the autocompletion script for the specified shell
    help [command]        Help about any command
    sub-cmd               A sub command
    sub-cmd-2             
    sub-cmd-3             
         
  FLAGS  
         
    -h --help             Help for simple
    -v --version          Version for simple

