
  Short help                                 
         
  USAGE  
         
                                
    simple [command] [--flags]  
                                
            
  COMMANDS  
            
    help [command]        Help about any command
    sub-cmd               A sub command
    completion [command]  Generate the autocompletion script for the specified shell
         
  FLAGS  
         
    -h --help             Help for simple
    -v --version          Version for simple

